// Jest Snapshot v1, https://goo.gl/fbAQLP

exports[`Heading Component renders correctly and matches snapshot 1`] = `
<DocumentFragment>
  <div
    class="container w-full mx-auto bg-"
  >
    <h2
      class="h1"
    >
      <span
        aria-hidden="true"
      >
        ðŸŽ¨
      </span>
       AccessiPalette
    </h2>
  </div>
</DocumentFragment>
`;
